------------------------------------------------------------
Timing Analyzer Summary
------------------------------------------------------------

Type  : Slow 1100mV 85C Model Setup 'inst1|video_PLL_inst|altpll_component|auto_generated|generic_pll1~PLL_OUTPUT_COUNTER|divclk'
Slack : -8.709
TNS   : -17.307

Type  : Slow 1100mV 85C Model Setup 'KEY[1]'
Slack : -3.825
TNS   : -110.774

Type  : Slow 1100mV 85C Model Hold 'KEY[1]'
Slack : 0.220
TNS   : 0.000

Type  : Slow 1100mV 85C Model Hold 'inst1|video_PLL_inst|altpll_component|auto_generated|generic_pll1~PLL_OUTPUT_COUNTER|divclk'
Slack : 0.345
TNS   : 0.000

Type  : Slow 1100mV 85C Model Minimum Pulse Width 'KEY[1]'
Slack : -0.396
TNS   : -25.832

Type  : Slow 1100mV 85C Model Minimum Pulse Width 'inst1|video_PLL_inst|altpll_component|auto_generated|generic_pll1~FRACTIONAL_PLL|vcoph[0]'
Slack : 1.666
TNS   : 0.000

Type  : Slow 1100mV 85C Model Minimum Pulse Width 'CLOCK_50'
Slack : 9.670
TNS   : 0.000

Type  : Slow 1100mV 85C Model Minimum Pulse Width 'inst1|video_PLL_inst|altpll_component|auto_generated|generic_pll1~PLL_OUTPUT_COUNTER|divclk'
Slack : 19.301
TNS   : 0.000

Type  : Slow 1100mV 0C Model Setup 'inst1|video_PLL_inst|altpll_component|auto_generated|generic_pll1~PLL_OUTPUT_COUNTER|divclk'
Slack : -8.438
TNS   : -16.806

Type  : Slow 1100mV 0C Model Setup 'KEY[1]'
Slack : -3.626
TNS   : -104.195

Type  : Slow 1100mV 0C Model Hold 'KEY[1]'
Slack : 0.284
TNS   : 0.000

Type  : Slow 1100mV 0C Model Hold 'inst1|video_PLL_inst|altpll_component|auto_generated|generic_pll1~PLL_OUTPUT_COUNTER|divclk'
Slack : 0.324
TNS   : 0.000

Type  : Slow 1100mV 0C Model Minimum Pulse Width 'KEY[1]'
Slack : -0.394
TNS   : -25.351

Type  : Slow 1100mV 0C Model Minimum Pulse Width 'inst1|video_PLL_inst|altpll_component|auto_generated|generic_pll1~FRACTIONAL_PLL|vcoph[0]'
Slack : 1.666
TNS   : 0.000

Type  : Slow 1100mV 0C Model Minimum Pulse Width 'CLOCK_50'
Slack : 9.673
TNS   : 0.000

Type  : Slow 1100mV 0C Model Minimum Pulse Width 'inst1|video_PLL_inst|altpll_component|auto_generated|generic_pll1~PLL_OUTPUT_COUNTER|divclk'
Slack : 19.248
TNS   : 0.000

Type  : Fast 1100mV 85C Model Setup 'inst1|video_PLL_inst|altpll_component|auto_generated|generic_pll1~PLL_OUTPUT_COUNTER|divclk'
Slack : -5.223
TNS   : -10.336

Type  : Fast 1100mV 85C Model Setup 'KEY[1]'
Slack : -1.573
TNS   : -43.409

Type  : Fast 1100mV 85C Model Hold 'KEY[1]'
Slack : 0.140
TNS   : 0.000

Type  : Fast 1100mV 85C Model Hold 'inst1|video_PLL_inst|altpll_component|auto_generated|generic_pll1~PLL_OUTPUT_COUNTER|divclk'
Slack : 0.202
TNS   : 0.000

Type  : Fast 1100mV 85C Model Minimum Pulse Width 'KEY[1]'
Slack : -0.557
TNS   : -29.844

Type  : Fast 1100mV 85C Model Minimum Pulse Width 'inst1|video_PLL_inst|altpll_component|auto_generated|generic_pll1~FRACTIONAL_PLL|vcoph[0]'
Slack : 1.666
TNS   : 0.000

Type  : Fast 1100mV 85C Model Minimum Pulse Width 'CLOCK_50'
Slack : 9.336
TNS   : 0.000

Type  : Fast 1100mV 85C Model Minimum Pulse Width 'inst1|video_PLL_inst|altpll_component|auto_generated|generic_pll1~PLL_OUTPUT_COUNTER|divclk'
Slack : 19.553
TNS   : 0.000

Type  : Fast 1100mV 0C Model Setup 'inst1|video_PLL_inst|altpll_component|auto_generated|generic_pll1~PLL_OUTPUT_COUNTER|divclk'
Slack : -5.062
TNS   : -10.007

Type  : Fast 1100mV 0C Model Setup 'KEY[1]'
Slack : -1.350
TNS   : -36.014

Type  : Fast 1100mV 0C Model Hold 'KEY[1]'
Slack : 0.145
TNS   : 0.000

Type  : Fast 1100mV 0C Model Hold 'inst1|video_PLL_inst|altpll_component|auto_generated|generic_pll1~PLL_OUTPUT_COUNTER|divclk'
Slack : 0.185
TNS   : 0.000

Type  : Fast 1100mV 0C Model Minimum Pulse Width 'KEY[1]'
Slack : -0.611
TNS   : -33.408

Type  : Fast 1100mV 0C Model Minimum Pulse Width 'inst1|video_PLL_inst|altpll_component|auto_generated|generic_pll1~FRACTIONAL_PLL|vcoph[0]'
Slack : 1.666
TNS   : 0.000

Type  : Fast 1100mV 0C Model Minimum Pulse Width 'CLOCK_50'
Slack : 9.286
TNS   : 0.000

Type  : Fast 1100mV 0C Model Minimum Pulse Width 'inst1|video_PLL_inst|altpll_component|auto_generated|generic_pll1~PLL_OUTPUT_COUNTER|divclk'
Slack : 19.542
TNS   : 0.000

------------------------------------------------------------
