------------------------------------------------------------
Timing Analyzer Summary
------------------------------------------------------------

Type  : Slow 1100mV 85C Model Setup 'inst4|video_PLL_inst|altpll_component|auto_generated|generic_pll1~PLL_OUTPUT_COUNTER|divclk'
Slack : -33.403
TNS   : -33.403

Type  : Slow 1100mV 85C Model Setup 'KEY[0]'
Slack : -3.844
TNS   : -185.927

Type  : Slow 1100mV 85C Model Hold 'inst4|video_PLL_inst|altpll_component|auto_generated|generic_pll1~PLL_OUTPUT_COUNTER|divclk'
Slack : 0.348
TNS   : 0.000

Type  : Slow 1100mV 85C Model Hold 'KEY[0]'
Slack : 0.367
TNS   : 0.000

Type  : Slow 1100mV 85C Model Minimum Pulse Width 'KEY[0]'
Slack : -2.174
TNS   : -106.467

Type  : Slow 1100mV 85C Model Minimum Pulse Width 'inst4|video_PLL_inst|altpll_component|auto_generated|generic_pll1~FRACTIONAL_PLL|vcoph[0]'
Slack : 1.666
TNS   : 0.000

Type  : Slow 1100mV 85C Model Minimum Pulse Width 'CLOCK_50'
Slack : 9.900
TNS   : 0.000

Type  : Slow 1100mV 85C Model Minimum Pulse Width 'inst4|video_PLL_inst|altpll_component|auto_generated|generic_pll1~PLL_OUTPUT_COUNTER|divclk'
Slack : 19.314
TNS   : 0.000

Type  : Slow 1100mV 0C Model Setup 'inst4|video_PLL_inst|altpll_component|auto_generated|generic_pll1~PLL_OUTPUT_COUNTER|divclk'
Slack : -34.427
TNS   : -34.427

Type  : Slow 1100mV 0C Model Setup 'KEY[0]'
Slack : -4.030
TNS   : -182.807

Type  : Slow 1100mV 0C Model Hold 'inst4|video_PLL_inst|altpll_component|auto_generated|generic_pll1~PLL_OUTPUT_COUNTER|divclk'
Slack : 0.327
TNS   : 0.000

Type  : Slow 1100mV 0C Model Hold 'KEY[0]'
Slack : 0.427
TNS   : 0.000

Type  : Slow 1100mV 0C Model Minimum Pulse Width 'KEY[0]'
Slack : -2.174
TNS   : -105.374

Type  : Slow 1100mV 0C Model Minimum Pulse Width 'inst4|video_PLL_inst|altpll_component|auto_generated|generic_pll1~FRACTIONAL_PLL|vcoph[0]'
Slack : 1.666
TNS   : 0.000

Type  : Slow 1100mV 0C Model Minimum Pulse Width 'CLOCK_50'
Slack : 9.926
TNS   : 0.000

Type  : Slow 1100mV 0C Model Minimum Pulse Width 'inst4|video_PLL_inst|altpll_component|auto_generated|generic_pll1~PLL_OUTPUT_COUNTER|divclk'
Slack : 19.257
TNS   : 0.000

Type  : Fast 1100mV 85C Model Setup 'inst4|video_PLL_inst|altpll_component|auto_generated|generic_pll1~PLL_OUTPUT_COUNTER|divclk'
Slack : -18.035
TNS   : -18.035

Type  : Fast 1100mV 85C Model Setup 'KEY[0]'
Slack : -2.021
TNS   : -84.627

Type  : Fast 1100mV 85C Model Hold 'inst4|video_PLL_inst|altpll_component|auto_generated|generic_pll1~PLL_OUTPUT_COUNTER|divclk'
Slack : 0.204
TNS   : 0.000

Type  : Fast 1100mV 85C Model Hold 'KEY[0]'
Slack : 0.223
TNS   : 0.000

Type  : Fast 1100mV 85C Model Minimum Pulse Width 'KEY[0]'
Slack : -2.174
TNS   : -94.643

Type  : Fast 1100mV 85C Model Minimum Pulse Width 'inst4|video_PLL_inst|altpll_component|auto_generated|generic_pll1~FRACTIONAL_PLL|vcoph[0]'
Slack : 1.666
TNS   : 0.000

Type  : Fast 1100mV 85C Model Minimum Pulse Width 'CLOCK_50'
Slack : 9.643
TNS   : 0.000

Type  : Fast 1100mV 85C Model Minimum Pulse Width 'inst4|video_PLL_inst|altpll_component|auto_generated|generic_pll1~PLL_OUTPUT_COUNTER|divclk'
Slack : 19.558
TNS   : 0.000

Type  : Fast 1100mV 0C Model Setup 'inst4|video_PLL_inst|altpll_component|auto_generated|generic_pll1~PLL_OUTPUT_COUNTER|divclk'
Slack : -17.066
TNS   : -17.066

Type  : Fast 1100mV 0C Model Setup 'KEY[0]'
Slack : -1.857
TNS   : -73.989

Type  : Fast 1100mV 0C Model Hold 'inst4|video_PLL_inst|altpll_component|auto_generated|generic_pll1~PLL_OUTPUT_COUNTER|divclk'
Slack : 0.183
TNS   : 0.000

Type  : Fast 1100mV 0C Model Hold 'KEY[0]'
Slack : 0.229
TNS   : 0.000

Type  : Fast 1100mV 0C Model Minimum Pulse Width 'KEY[0]'
Slack : -2.174
TNS   : -94.435

Type  : Fast 1100mV 0C Model Minimum Pulse Width 'inst4|video_PLL_inst|altpll_component|auto_generated|generic_pll1~FRACTIONAL_PLL|vcoph[0]'
Slack : 1.666
TNS   : 0.000

Type  : Fast 1100mV 0C Model Minimum Pulse Width 'CLOCK_50'
Slack : 9.632
TNS   : 0.000

Type  : Fast 1100mV 0C Model Minimum Pulse Width 'inst4|video_PLL_inst|altpll_component|auto_generated|generic_pll1~PLL_OUTPUT_COUNTER|divclk'
Slack : 19.548
TNS   : 0.000

------------------------------------------------------------
