------------------------------------------------------------
Timing Analyzer Summary
------------------------------------------------------------

Type  : Slow 1100mV 85C Model Setup 'inst4|video_PLL_inst|altpll_component|auto_generated|generic_pll1~PLL_OUTPUT_COUNTER|divclk'
Slack : 12.574
TNS   : 0.000

Type  : Slow 1100mV 85C Model Hold 'inst4|video_PLL_inst|altpll_component|auto_generated|generic_pll1~PLL_OUTPUT_COUNTER|divclk'
Slack : 0.270
TNS   : 0.000

Type  : Slow 1100mV 85C Model Minimum Pulse Width 'inst4|video_PLL_inst|altpll_component|auto_generated|generic_pll1~FRACTIONAL_PLL|vcoph[0]'
Slack : 1.666
TNS   : 0.000

Type  : Slow 1100mV 85C Model Minimum Pulse Width 'CLOCK_50'
Slack : 9.670
TNS   : 0.000

Type  : Slow 1100mV 85C Model Minimum Pulse Width 'inst4|video_PLL_inst|altpll_component|auto_generated|generic_pll1~PLL_OUTPUT_COUNTER|divclk'
Slack : 19.307
TNS   : 0.000

Type  : Slow 1100mV 0C Model Setup 'inst4|video_PLL_inst|altpll_component|auto_generated|generic_pll1~PLL_OUTPUT_COUNTER|divclk'
Slack : 11.520
TNS   : 0.000

Type  : Slow 1100mV 0C Model Hold 'inst4|video_PLL_inst|altpll_component|auto_generated|generic_pll1~PLL_OUTPUT_COUNTER|divclk'
Slack : 0.229
TNS   : 0.000

Type  : Slow 1100mV 0C Model Minimum Pulse Width 'inst4|video_PLL_inst|altpll_component|auto_generated|generic_pll1~FRACTIONAL_PLL|vcoph[0]'
Slack : 1.666
TNS   : 0.000

Type  : Slow 1100mV 0C Model Minimum Pulse Width 'CLOCK_50'
Slack : 9.673
TNS   : 0.000

Type  : Slow 1100mV 0C Model Minimum Pulse Width 'inst4|video_PLL_inst|altpll_component|auto_generated|generic_pll1~PLL_OUTPUT_COUNTER|divclk'
Slack : 19.250
TNS   : 0.000

Type  : Fast 1100mV 85C Model Setup 'inst4|video_PLL_inst|altpll_component|auto_generated|generic_pll1~PLL_OUTPUT_COUNTER|divclk'
Slack : 25.547
TNS   : 0.000

Type  : Fast 1100mV 85C Model Hold 'inst4|video_PLL_inst|altpll_component|auto_generated|generic_pll1~PLL_OUTPUT_COUNTER|divclk'
Slack : 0.167
TNS   : 0.000

Type  : Fast 1100mV 85C Model Minimum Pulse Width 'inst4|video_PLL_inst|altpll_component|auto_generated|generic_pll1~FRACTIONAL_PLL|vcoph[0]'
Slack : 1.666
TNS   : 0.000

Type  : Fast 1100mV 85C Model Minimum Pulse Width 'CLOCK_50'
Slack : 9.336
TNS   : 0.000

Type  : Fast 1100mV 85C Model Minimum Pulse Width 'inst4|video_PLL_inst|altpll_component|auto_generated|generic_pll1~PLL_OUTPUT_COUNTER|divclk'
Slack : 19.552
TNS   : 0.000

Type  : Fast 1100mV 0C Model Setup 'inst4|video_PLL_inst|altpll_component|auto_generated|generic_pll1~PLL_OUTPUT_COUNTER|divclk'
Slack : 26.455
TNS   : 0.000

Type  : Fast 1100mV 0C Model Hold 'inst4|video_PLL_inst|altpll_component|auto_generated|generic_pll1~PLL_OUTPUT_COUNTER|divclk'
Slack : 0.132
TNS   : 0.000

Type  : Fast 1100mV 0C Model Minimum Pulse Width 'inst4|video_PLL_inst|altpll_component|auto_generated|generic_pll1~FRACTIONAL_PLL|vcoph[0]'
Slack : 1.666
TNS   : 0.000

Type  : Fast 1100mV 0C Model Minimum Pulse Width 'CLOCK_50'
Slack : 9.286
TNS   : 0.000

Type  : Fast 1100mV 0C Model Minimum Pulse Width 'inst4|video_PLL_inst|altpll_component|auto_generated|generic_pll1~PLL_OUTPUT_COUNTER|divclk'
Slack : 19.543
TNS   : 0.000

------------------------------------------------------------
