------------------------------------------------------------
Timing Analyzer Summary
------------------------------------------------------------

Type  : Slow 1100mV 85C Model Setup 'inst|video_PLL_inst|altpll_component|auto_generated|generic_pll1~PLL_OUTPUT_COUNTER|divclk'
Slack : 17.327
TNS   : 0.000

Type  : Slow 1100mV 85C Model Hold 'inst|video_PLL_inst|altpll_component|auto_generated|generic_pll1~PLL_OUTPUT_COUNTER|divclk'
Slack : 0.366
TNS   : 0.000

Type  : Slow 1100mV 85C Model Minimum Pulse Width 'inst|video_PLL_inst|altpll_component|auto_generated|generic_pll1~FRACTIONAL_PLL|vcoph[0]'
Slack : 1.666
TNS   : 0.000

Type  : Slow 1100mV 85C Model Minimum Pulse Width 'CLOCK_50'
Slack : 9.900
TNS   : 0.000

Type  : Slow 1100mV 85C Model Minimum Pulse Width 'inst|video_PLL_inst|altpll_component|auto_generated|generic_pll1~PLL_OUTPUT_COUNTER|divclk'
Slack : 19.309
TNS   : 0.000

Type  : Slow 1100mV 0C Model Setup 'inst|video_PLL_inst|altpll_component|auto_generated|generic_pll1~PLL_OUTPUT_COUNTER|divclk'
Slack : 16.534
TNS   : 0.000

Type  : Slow 1100mV 0C Model Hold 'inst|video_PLL_inst|altpll_component|auto_generated|generic_pll1~PLL_OUTPUT_COUNTER|divclk'
Slack : 0.368
TNS   : 0.000

Type  : Slow 1100mV 0C Model Minimum Pulse Width 'inst|video_PLL_inst|altpll_component|auto_generated|generic_pll1~FRACTIONAL_PLL|vcoph[0]'
Slack : 1.666
TNS   : 0.000

Type  : Slow 1100mV 0C Model Minimum Pulse Width 'CLOCK_50'
Slack : 9.926
TNS   : 0.000

Type  : Slow 1100mV 0C Model Minimum Pulse Width 'inst|video_PLL_inst|altpll_component|auto_generated|generic_pll1~PLL_OUTPUT_COUNTER|divclk'
Slack : 19.262
TNS   : 0.000

Type  : Fast 1100mV 85C Model Setup 'inst|video_PLL_inst|altpll_component|auto_generated|generic_pll1~PLL_OUTPUT_COUNTER|divclk'
Slack : 27.972
TNS   : 0.000

Type  : Fast 1100mV 85C Model Hold 'inst|video_PLL_inst|altpll_component|auto_generated|generic_pll1~PLL_OUTPUT_COUNTER|divclk'
Slack : 0.196
TNS   : 0.000

Type  : Fast 1100mV 85C Model Minimum Pulse Width 'inst|video_PLL_inst|altpll_component|auto_generated|generic_pll1~FRACTIONAL_PLL|vcoph[0]'
Slack : 1.666
TNS   : 0.000

Type  : Fast 1100mV 85C Model Minimum Pulse Width 'CLOCK_50'
Slack : 9.643
TNS   : 0.000

Type  : Fast 1100mV 85C Model Minimum Pulse Width 'inst|video_PLL_inst|altpll_component|auto_generated|generic_pll1~PLL_OUTPUT_COUNTER|divclk'
Slack : 19.558
TNS   : 0.000

Type  : Fast 1100mV 0C Model Setup 'inst|video_PLL_inst|altpll_component|auto_generated|generic_pll1~PLL_OUTPUT_COUNTER|divclk'
Slack : 28.655
TNS   : 0.000

Type  : Fast 1100mV 0C Model Hold 'inst|video_PLL_inst|altpll_component|auto_generated|generic_pll1~PLL_OUTPUT_COUNTER|divclk'
Slack : 0.187
TNS   : 0.000

Type  : Fast 1100mV 0C Model Minimum Pulse Width 'inst|video_PLL_inst|altpll_component|auto_generated|generic_pll1~FRACTIONAL_PLL|vcoph[0]'
Slack : 1.666
TNS   : 0.000

Type  : Fast 1100mV 0C Model Minimum Pulse Width 'CLOCK_50'
Slack : 9.632
TNS   : 0.000

Type  : Fast 1100mV 0C Model Minimum Pulse Width 'inst|video_PLL_inst|altpll_component|auto_generated|generic_pll1~PLL_OUTPUT_COUNTER|divclk'
Slack : 19.546
TNS   : 0.000

------------------------------------------------------------
